This is pdfTeX, Version 3.141592653-2.6-1.40.25 (TeX Live 2023/Debian) (preloaded format=pdflatex 2026.3.19)  6 MAY 2026 15:14
entering extended mode
 restricted \write18 enabled.
 %&-line parsing enabled.
**technical_methodology_draft.tex
(./technical_methodology_draft.tex
LaTeX2e <2023-11-01> patch level 1
L3 programming layer <2024-01-22>
(/usr/share/texlive/texmf-dist/tex/latex/base/article.cls
Document Class: article 2023/05/17 v1.4n Standard LaTeX document class
(/usr/share/texlive/texmf-dist/tex/latex/base/size11.clo
File: size11.clo 2023/05/17 v1.4n Standard LaTeX file (size option)
)
\c@part=\count187
\c@section=\count188
\c@subsection=\count189
\c@subsubsection=\count190
\c@paragraph=\count191
\c@subparagraph=\count192
\c@figure=\count193
\c@table=\count194
\abovecaptionskip=\skip48
\belowcaptionskip=\skip49
\bibindent=\dimen140
)
(/usr/share/texlive/texmf-dist/tex/latex/geometry/geometry.sty
Package: geometry 2020/01/02 v5.9 Page Geometry

(/usr/share/texlive/texmf-dist/tex/latex/graphics/keyval.sty
Package: keyval 2022/05/29 v1.15 key=value parser (DPC)
\KV@toks@=\toks17
)
(/usr/share/texlive/texmf-dist/tex/generic/iftex/ifvtex.sty
Package: ifvtex 2019/10/25 v1.7 ifvtex legacy package. Use iftex instead.

(/usr/share/texlive/texmf-dist/tex/generic/iftex/iftex.sty
Package: iftex 2022/02/03 v1.0f TeX engine tests
))
\Gm@cnth=\count195
\Gm@cntv=\count196
\c@Gm@tempcnt=\count197
\Gm@bindingoffset=\dimen141
\Gm@wd@mp=\dimen142
\Gm@odd@mp=\dimen143
\Gm@even@mp=\dimen144
\Gm@layoutwidth=\dimen145
\Gm@layoutheight=\dimen146
\Gm@layouthoffset=\dimen147
\Gm@layoutvoffset=\dimen148
\Gm@dimlist=\toks18
)
(/usr/share/texlive/texmf-dist/tex/latex/graphics/graphicx.sty
Package: graphicx 2021/09/16 v1.2d Enhanced LaTeX Graphics (DPC,SPQR)

(/usr/share/texlive/texmf-dist/tex/latex/graphics/graphics.sty
Package: graphics 2022/03/10 v1.4e Standard LaTeX Graphics (DPC,SPQR)

(/usr/share/texlive/texmf-dist/tex/latex/graphics/trig.sty
Package: trig 2021/08/11 v1.11 sin cos tan (DPC)
)
(/usr/share/texlive/texmf-dist/tex/latex/graphics-cfg/graphics.cfg
File: graphics.cfg 2016/06/04 v1.11 sample graphics configuration
)
Package graphics Info: Driver file: pdftex.def on input line 107.

(/usr/share/texlive/texmf-dist/tex/latex/graphics-def/pdftex.def
File: pdftex.def 2022/09/22 v1.2b Graphics/color driver for pdftex
))
\Gin@req@height=\dimen149
\Gin@req@width=\dimen150
)
(/usr/share/texlive/texmf-dist/tex/latex/booktabs/booktabs.sty
Package: booktabs 2020/01/12 v1.61803398 Publication quality tables
\heavyrulewidth=\dimen151
\lightrulewidth=\dimen152
\cmidrulewidth=\dimen153
\belowrulesep=\dimen154
\belowbottomsep=\dimen155
\aboverulesep=\dimen156
\abovetopsep=\dimen157
\cmidrulesep=\dimen158
\cmidrulekern=\dimen159
\defaultaddspace=\dimen160
\@cmidla=\count198
\@cmidlb=\count199
\@aboverulesep=\dimen161
\@belowrulesep=\dimen162
\@thisruleclass=\count266
\@lastruleclass=\count267
\@thisrulewidth=\dimen163
)
(/usr/share/texlive/texmf-dist/tex/latex/tools/longtable.sty
Package: longtable 2023-11-01 v4.19 Multi-page Table package (DPC)
\LTleft=\skip50
\LTright=\skip51
\LTpre=\skip52
\LTpost=\skip53
\LTchunksize=\count268
\LTcapwidth=\dimen164
\LT@head=\box51
\LT@firsthead=\box52
\LT@foot=\box53
\LT@lastfoot=\box54
\LT@gbox=\box55
\LT@cols=\count269
\LT@rows=\count270
\c@LT@tables=\count271
\c@LT@chunks=\count272
\LT@p@ftn=\toks19
)
(/usr/share/texlive/texmf-dist/tex/latex/tools/array.sty
Package: array 2023/10/16 v2.5g Tabular extension package (FMi)
\col@sep=\dimen165
\ar@mcellbox=\box56
\extrarowheight=\dimen166
\NC@list=\toks20
\extratabsurround=\skip54
\backup@length=\skip55
\ar@cellbox=\box57
)
(/usr/share/texlive/texmf-dist/tex/latex/caption/caption.sty
Package: caption 2023/08/05 v3.6o Customizing captions (AR)

(/usr/share/texlive/texmf-dist/tex/latex/caption/caption3.sty
Package: caption3 2023/07/31 v2.4d caption3 kernel (AR)
\caption@tempdima=\dimen167
\captionmargin=\dimen168
\caption@leftmargin=\dimen169
\caption@rightmargin=\dimen170
\caption@width=\dimen171
\caption@indent=\dimen172
\caption@parindent=\dimen173
\caption@hangindent=\dimen174
Package caption Info: Standard document class detected.
)
\c@caption@flags=\count273
\c@continuedfloat=\count274
Package caption Info: longtable package is loaded.

(/usr/share/texlive/texmf-dist/tex/latex/caption/ltcaption.sty
Package: ltcaption 2021/01/08 v1.4c longtable captions (AR)
))
(/usr/share/texlive/texmf-dist/tex/latex/caption/subcaption.sty
Package: subcaption 2023/07/28 v1.6b Sub-captions (AR)
Package caption Info: New subtype `subfigure' on input line 238.
\c@subfigure=\count275
Package caption Info: New subtype `subtable' on input line 238.
\c@subtable=\count276
)
(/usr/share/texlive/texmf-dist/tex/latex/float/float.sty
Package: float 2001/11/08 v1.3d Float enhancements (AL)
\c@float@type=\count277
\float@exts=\toks21
\float@box=\box58
\@float@everytoks=\toks22
\@floatcapt=\box59
)
(/usr/share/texlive/texmf-dist/tex/latex/hyperref/hyperref.sty
Package: hyperref 2024-01-20 v7.01h Hypertext links for LaTeX

(/usr/share/texlive/texmf-dist/tex/latex/kvsetkeys/kvsetkeys.sty
Package: kvsetkeys 2022-10-05 v1.19 Key value parser (HO)
)
(/usr/share/texlive/texmf-dist/tex/generic/kvdefinekeys/kvdefinekeys.sty
Package: kvdefinekeys 2019-12-19 v1.6 Define keys (HO)
)
(/usr/share/texlive/texmf-dist/tex/generic/pdfescape/pdfescape.sty
Package: pdfescape 2019/12/09 v1.15 Implements pdfTeX's escape features (HO)

(/usr/share/texlive/texmf-dist/tex/generic/ltxcmds/ltxcmds.sty
Package: ltxcmds 2023-12-04 v1.26 LaTeX kernel commands for general use (HO)
)
(/usr/share/texlive/texmf-dist/tex/generic/pdftexcmds/pdftexcmds.sty
Package: pdftexcmds 2020-06-27 v0.33 Utility functions of pdfTeX for LuaTeX (HO
)

(/usr/share/texlive/texmf-dist/tex/generic/infwarerr/infwarerr.sty
Package: infwarerr 2019/12/03 v1.5 Providing info/warning/error messages (HO)
)
Package pdftexcmds Info: \pdf@primitive is available.
Package pdftexcmds Info: \pdf@ifprimitive is available.
Package pdftexcmds Info: \pdfdraftmode found.
))
(/usr/share/texlive/texmf-dist/tex/latex/hycolor/hycolor.sty
Package: hycolor 2020-01-27 v1.10 Color options for hyperref/bookmark (HO)
)
(/usr/share/texlive/texmf-dist/tex/latex/auxhook/auxhook.sty
Package: auxhook 2019-12-17 v1.6 Hooks for auxiliary files (HO)
)
(/usr/share/texlive/texmf-dist/tex/latex/hyperref/nameref.sty
Package: nameref 2023-11-26 v2.56 Cross-referencing by name of section

(/usr/share/texlive/texmf-dist/tex/latex/refcount/refcount.sty
Package: refcount 2019/12/15 v3.6 Data extraction from label references (HO)
)
(/usr/share/texlive/texmf-dist/tex/generic/gettitlestring/gettitlestring.sty
Package: gettitlestring 2019/12/15 v1.6 Cleanup title references (HO)

(/usr/share/texlive/texmf-dist/tex/latex/kvoptions/kvoptions.sty
Package: kvoptions 2022-06-15 v3.15 Key value format for package options (HO)
))
\c@section@level=\count278
)
(/usr/share/texlive/texmf-dist/tex/latex/etoolbox/etoolbox.sty
Package: etoolbox 2020/10/05 v2.5k e-TeX tools for LaTeX (JAW)
\etb@tempcnta=\count279
)
\@linkdim=\dimen175
\Hy@linkcounter=\count280
\Hy@pagecounter=\count281

(/usr/share/texlive/texmf-dist/tex/latex/hyperref/pd1enc.def
File: pd1enc.def 2024-01-20 v7.01h Hyperref: PDFDocEncoding definition (HO)
Now handling font encoding PD1 ...
... no UTF-8 mapping file for font encoding PD1
)
(/usr/share/texlive/texmf-dist/tex/generic/intcalc/intcalc.sty
Package: intcalc 2019/12/15 v1.3 Expandable calculations with integers (HO)
)
\Hy@SavedSpaceFactor=\count282

(/usr/share/texlive/texmf-dist/tex/latex/hyperref/puenc.def
File: puenc.def 2024-01-20 v7.01h Hyperref: PDF Unicode definition (HO)
Now handling font encoding PU ...
... no UTF-8 mapping file for font encoding PU
)
Package hyperref Info: Hyper figures OFF on input line 4179.
Package hyperref Info: Link nesting OFF on input line 4184.
Package hyperref Info: Hyper index ON on input line 4187.
Package hyperref Info: Plain pages OFF on input line 4194.
Package hyperref Info: Backreferencing OFF on input line 4199.
Package hyperref Info: Implicit mode ON; LaTeX internals redefined.
Package hyperref Info: Bookmarks ON on input line 4446.
\c@Hy@tempcnt=\count283

(/usr/share/texlive/texmf-dist/tex/latex/url/url.sty
\Urlmuskip=\muskip16
Package: url 2013/09/16  ver 3.4  Verb mode for urls, etc.
)
LaTeX Info: Redefining \url on input line 4784.
\XeTeXLinkMargin=\dimen176

(/usr/share/texlive/texmf-dist/tex/generic/bitset/bitset.sty
Package: bitset 2019/12/09 v1.3 Handle bit-vector datatype (HO)

(/usr/share/texlive/texmf-dist/tex/generic/bigintcalc/bigintcalc.sty
Package: bigintcalc 2019/12/15 v1.5 Expandable calculations on big integers (HO
)
))
\Fld@menulength=\count284
\Field@Width=\dimen177
\Fld@charsize=\dimen178
Package hyperref Info: Hyper figures OFF on input line 6063.
Package hyperref Info: Link nesting OFF on input line 6068.
Package hyperref Info: Hyper index ON on input line 6071.
Package hyperref Info: backreferencing OFF on input line 6078.
Package hyperref Info: Link coloring OFF on input line 6083.
Package hyperref Info: Link coloring with OCG OFF on input line 6088.
Package hyperref Info: PDF/A mode OFF on input line 6093.

(/usr/share/texlive/texmf-dist/tex/latex/base/atbegshi-ltx.sty
Package: atbegshi-ltx 2021/01/10 v1.0c Emulation of the original atbegshi
package with kernel methods
)
\Hy@abspage=\count285
\c@Item=\count286
\c@Hfootnote=\count287
)
Package hyperref Info: Driver (autodetected): hpdftex.

(/usr/share/texlive/texmf-dist/tex/latex/hyperref/hpdftex.def
File: hpdftex.def 2024-01-20 v7.01h Hyperref driver for pdfTeX

(/usr/share/texlive/texmf-dist/tex/latex/base/atveryend-ltx.sty
Package: atveryend-ltx 2020/08/19 v1.0a Emulation of the original atveryend pac
kage
with kernel methods
)
\Fld@listcount=\count288
\c@bookmark@seq@number=\count289

(/usr/share/texlive/texmf-dist/tex/latex/rerunfilecheck/rerunfilecheck.sty
Package: rerunfilecheck 2022-07-10 v1.10 Rerun checks for auxiliary files (HO)

(/usr/share/texlive/texmf-dist/tex/generic/uniquecounter/uniquecounter.sty
Package: uniquecounter 2019/12/15 v1.4 Provide unlimited unique counter (HO)
)
Package uniquecounter Info: New unique counter `rerunfilecheck' on input line 2
85.
)
\Hy@SectionHShift=\skip56
)
(/usr/share/texlive/texmf-dist/tex/latex/xcolor/xcolor.sty
Package: xcolor 2023/11/15 v3.01 LaTeX color extensions (UK)

(/usr/share/texlive/texmf-dist/tex/latex/graphics-cfg/color.cfg
File: color.cfg 2016/01/02 v1.6 sample color configuration
)
Package xcolor Info: Driver file: pdftex.def on input line 274.

(/usr/share/texlive/texmf-dist/tex/latex/graphics/mathcolor.ltx)
Package xcolor Info: Model `cmy' substituted by `cmy0' on input line 1350.
Package xcolor Info: Model `hsb' substituted by `rgb' on input line 1354.
Package xcolor Info: Model `RGB' extended on input line 1366.
Package xcolor Info: Model `HTML' substituted by `rgb' on input line 1368.
Package xcolor Info: Model `Hsb' substituted by `hsb' on input line 1369.
Package xcolor Info: Model `tHsb' substituted by `hsb' on input line 1370.
Package xcolor Info: Model `HSB' substituted by `hsb' on input line 1371.
Package xcolor Info: Model `Gray' substituted by `gray' on input line 1372.
Package xcolor Info: Model `wave' substituted by `hsb' on input line 1373.
)
Package hyperref Info: Option `colorlinks' set `true' on input line 19.

(/usr/share/texlive/texmf-dist/tex/latex/l3backend/l3backend-pdftex.def
File: l3backend-pdftex.def 2024-01-04 L3 backend support: PDF output (pdfTeX)
\l__color_backend_stack_int=\count290
\l__pdf_internal_box=\box60
)
(./technical_methodology_draft.aux)
\openout1 = `technical_methodology_draft.aux'.

LaTeX Font Info:    Checking defaults for OML/cmm/m/it on input line 30.
LaTeX Font Info:    ... okay on input line 30.
LaTeX Font Info:    Checking defaults for OMS/cmsy/m/n on input line 30.
LaTeX Font Info:    ... okay on input line 30.
LaTeX Font Info:    Checking defaults for OT1/cmr/m/n on input line 30.
LaTeX Font Info:    ... okay on input line 30.
LaTeX Font Info:    Checking defaults for T1/cmr/m/n on input line 30.
LaTeX Font Info:    ... okay on input line 30.
LaTeX Font Info:    Checking defaults for TS1/cmr/m/n on input line 30.
LaTeX Font Info:    ... okay on input line 30.
LaTeX Font Info:    Checking defaults for OMX/cmex/m/n on input line 30.
LaTeX Font Info:    ... okay on input line 30.
LaTeX Font Info:    Checking defaults for U/cmr/m/n on input line 30.
LaTeX Font Info:    ... okay on input line 30.
LaTeX Font Info:    Checking defaults for PD1/pdf/m/n on input line 30.
LaTeX Font Info:    ... okay on input line 30.
LaTeX Font Info:    Checking defaults for PU/pdf/m/n on input line 30.
LaTeX Font Info:    ... okay on input line 30.

*geometry* driver: auto-detecting
*geometry* detected driver: pdftex
*geometry* verbose mode - [ preamble ] result:
* driver: pdftex
* paper: a4paper
* layout: <same size as paper>
* layoutoffset:(h,v)=(0.0pt,0.0pt)
* modes: 
* h-part:(L,W,R)=(68.28644pt, 460.935pt, 68.28644pt)
* v-part:(T,H,B)=(68.28644pt, 708.47397pt, 68.28644pt)
* \paperwidth=597.50787pt
* \paperheight=845.04684pt
* \textwidth=460.935pt
* \textheight=708.47397pt
* \oddsidemargin=-3.98355pt
* \evensidemargin=-3.98355pt
* \topmargin=-40.98355pt
* \headheight=12.0pt
* \headsep=25.0pt
* \topskip=11.0pt
* \footskip=30.0pt
* \marginparwidth=50.0pt
* \marginparsep=10.0pt
* \columnsep=10.0pt
* \skip\footins=10.0pt plus 4.0pt minus 2.0pt
* \hoffset=0.0pt
* \voffset=0.0pt
* \mag=1000
* \@twocolumnfalse
* \@twosidefalse
* \@mparswitchfalse
* \@reversemarginfalse
* (1in=72.27pt=25.4mm, 1cm=28.453pt)

(/usr/share/texlive/texmf-dist/tex/context/base/mkii/supp-pdf.mkii
[Loading MPS to PDF converter (version 2006.09.02).]
\scratchcounter=\count291
\scratchdimen=\dimen179
\scratchbox=\box61
\nofMPsegments=\count292
\nofMParguments=\count293
\everyMPshowfont=\toks23
\MPscratchCnt=\count294
\MPscratchDim=\dimen180
\MPnumerator=\count295
\makeMPintoPDFobject=\count296
\everyMPtoPDFconversion=\toks24
) (/usr/share/texlive/texmf-dist/tex/latex/epstopdf-pkg/epstopdf-base.sty
Package: epstopdf-base 2020-01-24 v2.11 Base part for package epstopdf
Package epstopdf-base Info: Redefining graphics rule for `.eps' on input line 4
85.

(/usr/share/texlive/texmf-dist/tex/latex/latexconfig/epstopdf-sys.cfg
File: epstopdf-sys.cfg 2010/07/13 v1.3 Configuration of (r)epstopdf for TeX Liv
e
))
Package caption Info: Begin \AtBeginDocument code.
Package caption Info: float package is loaded.
Package caption Info: hyperref package is loaded.
Package caption Info: End \AtBeginDocument code.
Package hyperref Info: Link coloring ON on input line 30.

(./technical_methodology_draft.out) (./technical_methodology_draft.out)
\@outlinefile=\write3
\openout3 = `technical_methodology_draft.out'.

LaTeX Font Info:    External font `cmex10' loaded for size
(Font)              <12> on input line 32.
LaTeX Font Info:    External font `cmex10' loaded for size
(Font)              <8> on input line 32.
LaTeX Font Info:    External font `cmex10' loaded for size
(Font)              <6> on input line 32.


LaTeX Warning: No \author given.

[1

{/var/lib/texmf/fonts/map/pdftex/updmap/pdftex.map}] [2]
LaTeX Font Info:    External font `cmex10' loaded for size
(Font)              <7> on input line 103.
LaTeX Font Info:    External font `cmex10' loaded for size
(Font)              <5> on input line 103.
 [3]
LaTeX Font Info:    External font `cmex10' loaded for size
(Font)              <10.95> on input line 139.

Underfull \hbox (badness 10000) in paragraph at lines 163--163
[]|\OT1/cmr/m/n/8 Complication
 []


Underfull \hbox (badness 10000) in paragraph at lines 163--163
[]|\OT1/cmr/m/n/8 Histogram
 []


Underfull \hbox (badness 10000) in paragraph at lines 163--163
\OT1/cmr/m/n/8 gra-di-ent
 []


Underfull \hbox (badness 10000) in paragraph at lines 164--164
[]|\OT1/cmr/m/n/8 Complication
 []


Underfull \hbox (badness 2435) in paragraph at lines 164--164
[]|\OT1/cmr/m/n/8 Random for-
 []


Underfull \hbox (badness 10000) in paragraph at lines 165--165
[]|\OT1/cmr/m/n/8 Complication
 []


Underfull \hbox (badness 10000) in paragraph at lines 165--165
[]|\OT1/cmr/m/n/8 Logistic
 []


Underfull \hbox (badness 10000) in paragraph at lines 166--166
[]|\OT1/cmr/m/n/8 Complication
 []


Underfull \hbox (badness 1845) in paragraph at lines 166--166
[]|\OT1/cmr/m/n/8 Support vec-
 []


Underfull \hbox (badness 1009) in paragraph at lines 166--167
[]|\OT1/cmtt/m/n/8 C=10.0\OT1/cmr/m/n/8 ; \OT1/cmtt/m/n/8 gamma=auto\OT1/cmr/m/
n/8 ; \OT1/cmtt/m/n/8 kernel=rbf\OT1/cmr/m/n/8 ; \OT1/cmtt/m/n/8 probability=tr
ue\OT1/cmr/m/n/8 ; class weights false=0.562,
 []


Underfull \hbox (badness 10000) in paragraph at lines 167--167
[]|\OT1/cmr/m/n/8 Complication
 []


Underfull \hbox (badness 10000) in paragraph at lines 167--167
[]|\OT1/cmr/m/n/8 Multilayer
 []


Underfull \hbox (badness 10000) in paragraph at lines 167--168
[]|\OT1/cmtt/m/n/8 batch_size=64\OT1/cmr/m/n/8 ; \OT1/cmtt/m/n/8 dropout=0.4\OT
1/cmr/m/n/8 ; \OT1/cmtt/m/n/8 epochs=150\OT1/cmr/m/n/8 ; hid-den lay-ers=(64, 3
2);
 []


Underfull \hbox (badness 1565) in paragraph at lines 169--169
[]|\OT1/cmr/m/n/8 Severe Com-pli-
 []


Underfull \hbox (badness 10000) in paragraph at lines 169--169
[]|\OT1/cmr/m/n/8 Histogram
 []


Underfull \hbox (badness 10000) in paragraph at lines 169--169
\OT1/cmr/m/n/8 gra-di-ent
 []


Underfull \hbox (badness 1565) in paragraph at lines 170--170
[]|\OT1/cmr/m/n/8 Severe Com-pli-
 []


Underfull \hbox (badness 2435) in paragraph at lines 170--170
[]|\OT1/cmr/m/n/8 Random for-
 []


Underfull \hbox (badness 1565) in paragraph at lines 171--171
[]|\OT1/cmr/m/n/8 Severe Com-pli-
 []


Underfull \hbox (badness 10000) in paragraph at lines 171--171
[]|\OT1/cmr/m/n/8 Logistic
 []


Underfull \hbox (badness 1565) in paragraph at lines 172--172
[]|\OT1/cmr/m/n/8 Severe Com-pli-
 []


Underfull \hbox (badness 1845) in paragraph at lines 172--172
[]|\OT1/cmr/m/n/8 Support vec-
 []


Underfull \hbox (badness 1629) in paragraph at lines 172--173
[]|\OT1/cmtt/m/n/8 C=10.0\OT1/cmr/m/n/8 ; \OT1/cmtt/m/n/8 gamma=0.1\OT1/cmr/m/n
/8 ; \OT1/cmtt/m/n/8 kernel=rbf\OT1/cmr/m/n/8 ; \OT1/cmtt/m/n/8 probability=tru
e\OT1/cmr/m/n/8 ; class weights false=0.541,
 []


Underfull \hbox (badness 1565) in paragraph at lines 173--173
[]|\OT1/cmr/m/n/8 Severe Com-pli-
 []


Underfull \hbox (badness 10000) in paragraph at lines 173--173
[]|\OT1/cmr/m/n/8 Multilayer
 []


Underfull \hbox (badness 10000) in paragraph at lines 173--174
[]|\OT1/cmtt/m/n/8 batch_size=64\OT1/cmr/m/n/8 ; \OT1/cmtt/m/n/8 dropout=0.1\OT
1/cmr/m/n/8 ; \OT1/cmtt/m/n/8 epochs=150\OT1/cmr/m/n/8 ; hid-den lay-ers=(128, 
64);
 []


Underfull \hbox (badness 10000) in paragraph at lines 175--175
[]|\OT1/cmr/m/n/8 Histogram
 []


Underfull \hbox (badness 10000) in paragraph at lines 175--175
\OT1/cmr/m/n/8 gra-di-ent
 []


Underfull \hbox (badness 2435) in paragraph at lines 176--176
[]|\OT1/cmr/m/n/8 Random for-
 []


Underfull \hbox (badness 10000) in paragraph at lines 177--177
[]|\OT1/cmr/m/n/8 Logistic
 []


Underfull \hbox (badness 1845) in paragraph at lines 178--178
[]|\OT1/cmr/m/n/8 Support vec-
 []


Underfull \hbox (badness 1009) in paragraph at lines 178--179
[]|\OT1/cmtt/m/n/8 C=10.0\OT1/cmr/m/n/8 ; \OT1/cmtt/m/n/8 gamma=auto\OT1/cmr/m/
n/8 ; \OT1/cmtt/m/n/8 kernel=rbf\OT1/cmr/m/n/8 ; \OT1/cmtt/m/n/8 probability=tr
ue\OT1/cmr/m/n/8 ; class weights false=0.571,
 []


Underfull \hbox (badness 10000) in paragraph at lines 179--179
[]|\OT1/cmr/m/n/8 Multilayer
 []


Underfull \hbox (badness 10000) in paragraph at lines 179--180
[]|\OT1/cmtt/m/n/8 batch_size=64\OT1/cmr/m/n/8 ; \OT1/cmtt/m/n/8 dropout=0.4\OT
1/cmr/m/n/8 ; \OT1/cmtt/m/n/8 epochs=150\OT1/cmr/m/n/8 ; hid-den lay-ers=(64, 3
2);
 []


Underfull \hbox (badness 10000) in paragraph at lines 181--181
[]|\OT1/cmr/m/n/8 Histogram
 []


Underfull \hbox (badness 10000) in paragraph at lines 181--181
\OT1/cmr/m/n/8 gra-di-ent
 []


Underfull \hbox (badness 2435) in paragraph at lines 182--182
[]|\OT1/cmr/m/n/8 Random for-
 []


Underfull \hbox (badness 10000) in paragraph at lines 183--183
[]|\OT1/cmr/m/n/8 Logistic
 []


Underfull \hbox (badness 1845) in paragraph at lines 184--184
[]|\OT1/cmr/m/n/8 Support vec-
 []


Underfull \hbox (badness 10000) in paragraph at lines 185--185
[]|\OT1/cmr/m/n/8 Multilayer
 []


Underfull \hbox (badness 10000) in paragraph at lines 185--186
[]|\OT1/cmtt/m/n/8 batch_size=64\OT1/cmr/m/n/8 ; \OT1/cmtt/m/n/8 dropout=0.4\OT
1/cmr/m/n/8 ; \OT1/cmtt/m/n/8 epochs=150\OT1/cmr/m/n/8 ; hid-den lay-ers=(64, 3
2);
 []

[4] [5]
<figures/summary_auroc_ci.png, id=149, 628.38765pt x 368.577pt>
File: figures/summary_auroc_ci.png Graphic file (type png)
<use figures/summary_auroc_ci.png>
Package pdftex.def Info: figures/summary_auroc_ci.png  used on input line 207.
(pdftex.def)             Requested size: 437.88684pt x 256.84358pt.
 [6 <./figures/summary_auroc_ci.png>] [7]
<figures/fi_complications30d_rf.png, id=170, 577.1964pt x 432.1746pt>
File: figures/fi_complications30d_rf.png Graphic file (type png)
<use figures/fi_complications30d_rf.png>
Package pdftex.def Info: figures/fi_complications30d_rf.png  used on input line
 308.
(pdftex.def)             Requested size: 221.24683pt x 165.65904pt.
<figures/fi_severe_rf.png, id=171, 576.7146pt x 432.1746pt>
File: figures/fi_severe_rf.png Graphic file (type png)
<use figures/fi_severe_rf.png>
Package pdftex.def Info: figures/fi_severe_rf.png  used on input line 314.
(pdftex.def)             Requested size: 221.24683pt x 165.79753pt.
<figures/fi_kps_torch_mlp.png, id=172, 576.7146pt x 432.1746pt>
File: figures/fi_kps_torch_mlp.png Graphic file (type png)
<use figures/fi_kps_torch_mlp.png>
Package pdftex.def Info: figures/fi_kps_torch_mlp.png  used on input line 321.
(pdftex.def)             Requested size: 221.24683pt x 165.79753pt.
<figures/fi_neuro_rf.png, id=173, 576.7146pt x 432.1746pt>
File: figures/fi_neuro_rf.png Graphic file (type png)
<use figures/fi_neuro_rf.png>
Package pdftex.def Info: figures/fi_neuro_rf.png  used on input line 327.
(pdftex.def)             Requested size: 221.24683pt x 165.79753pt.
 [8]
Underfull \hbox (badness 10000) in paragraph at lines 347--347
[]|\OT1/cmr/m/n/8 Complication
 []


Underfull \hbox (badness 10000) in paragraph at lines 348--348
[]|\OT1/cmr/m/n/8 Complication
 []


Underfull \hbox (badness 10000) in paragraph at lines 349--349
[]|\OT1/cmr/m/n/8 Complication
 []


Underfull \hbox (badness 10000) in paragraph at lines 350--350
[]|\OT1/cmr/m/n/8 Complication
 []


Underfull \hbox (badness 10000) in paragraph at lines 351--351
[]|\OT1/cmr/m/n/8 Complication
 []

[9 <./figures/fi_complications30d_rf.png> <./figures/fi_severe_rf.png> <./figur
es/fi_kps_torch_mlp.png> <./figures/fi_neuro_rf.png>]
<figures/summary_full_vs_reduced_auroc.png, id=195, 628.749pt x 354.123pt>
File: figures/summary_full_vs_reduced_auroc.png Graphic file (type png)
<use figures/summary_full_vs_reduced_auroc.png>
Package pdftex.def Info: figures/summary_full_vs_reduced_auroc.png  used on inp
ut line 384.
(pdftex.def)             Requested size: 437.88684pt x 246.63618pt.

Underfull \hbox (badness 10000) in paragraph at lines 402--402
[]|\OT1/cmr/m/n/8 Complication
 []


Underfull \hbox (badness 10000) in paragraph at lines 403--403
[]|\OT1/cmr/m/n/8 Complication
 []


Underfull \hbox (badness 10000) in paragraph at lines 404--404
[]|\OT1/cmr/m/n/8 Complication
 []


Underfull \hbox (badness 10000) in paragraph at lines 405--405
[]|\OT1/cmr/m/n/8 Complication
 []


Underfull \hbox (badness 10000) in paragraph at lines 406--406
[]|\OT1/cmr/m/n/8 Complication
 []

[10 <./figures/summary_full_vs_reduced_auroc.png>] [11]
(./technical_methodology_draft.bbl [12]) [13]
(./technical_methodology_draft.aux)
 ***********
LaTeX2e <2023-11-01> patch level 1
L3 programming layer <2024-01-22>
 ***********
Package rerunfilecheck Info: File `technical_methodology_draft.out' has not cha
nged.
(rerunfilecheck)             Checksum: C98D48AB44B16EEFC5700CD99F7B9036;3922.
 ) 
Here is how much of TeX's memory you used:
 11222 strings out of 476182
 180221 string characters out of 5795595
 1962975 words of memory out of 5000000
 33047 multiletter control sequences out of 15000+600000
 565178 words of font info for 60 fonts, out of 8000000 for 9000
 14 hyphenation exceptions out of 8191
 75i,12n,79p,1547b,596s stack positions out of 10000i,1000n,20000p,200000b,200000s
 </home/tivogatto/.texlive2023/texmf-var/fonts/pk/ljfour/jknappen/ec/tcrm1095
.600pk></usr/share/texlive/texmf-dist/fonts/type1/public/amsfonts/cm/cmbx10.pfb
></usr/share/texlive/texmf-dist/fonts/type1/public/amsfonts/cm/cmbx12.pfb></usr
/share/texlive/texmf-dist/fonts/type1/public/amsfonts/cm/cmbx9.pfb></usr/share/
texlive/texmf-dist/fonts/type1/public/amsfonts/cm/cmmi10.pfb></usr/share/texliv
e/texmf-dist/fonts/type1/public/amsfonts/cm/cmmi8.pfb></usr/share/texlive/texmf
-dist/fonts/type1/public/amsfonts/cm/cmr10.pfb></usr/share/texlive/texmf-dist/f
onts/type1/public/amsfonts/cm/cmr12.pfb></usr/share/texlive/texmf-dist/fonts/ty
pe1/public/amsfonts/cm/cmr17.pfb></usr/share/texlive/texmf-dist/fonts/type1/pub
lic/amsfonts/cm/cmr8.pfb></usr/share/texlive/texmf-dist/fonts/type1/public/amsf
onts/cm/cmr9.pfb></usr/share/texlive/texmf-dist/fonts/type1/public/amsfonts/cm/
cmsy10.pfb></usr/share/texlive/texmf-dist/fonts/type1/public/amsfonts/cm/cmti10
.pfb></usr/share/texlive/texmf-dist/fonts/type1/public/amsfonts/cm/cmtt10.pfb><
/usr/share/texlive/texmf-dist/fonts/type1/public/amsfonts/cm/cmtt8.pfb>
Output written on technical_methodology_draft.pdf (13 pages, 1093474 bytes).
PDF statistics:
 300 PDF objects out of 1000 (max. 8388607)
 241 compressed objects within 3 object streams
 62 named destinations out of 1000 (max. 500000)
 183 words of extra memory for PDF output out of 10000 (max. 10000000)

